src/components/BasicsPage.tsx(49,19): error TS2339: Property 'QUIZ' does not exist on type '{}'.
src/components/BasicsPage.tsx(126,24): error TS2339: Property 'ARTICLES' does not exist on type '{}'.
src/components/BasicsPage.tsx(137,24): error TS2339: Property 'PRONOUNS' does not exist on type '{}'.
src/components/BasicsPage.tsx(148,24): error TS2339: Property 'POSSESSIVES' does not exist on type '{}'.
src/components/BasicsPage.tsx(160,24): error TS2339: Property 'QUIZ' does not exist on type '{}'.
src/components/ColorsPage.tsx(15,22): error TS2339: Property 'filter' does not exist on type '{}'.
src/components/DescribingPage.tsx(30,42): error TS2339: Property 'PHYSICAL' does not exist on type '{}'.
src/components/DescribingPage.tsx(31,53): error TS2339: Property 'CHARACTER_SENTENCES' does not exist on type '{}'.
src/components/DescribingPage.tsx(32,37): error TS2339: Property 'VOCABULARY' does not exist on type '{}'.
src/components/FeelingsPage.tsx(16,8): error TS2339: Property 'map' does not exist on type '{}'.
src/components/JobsPage.tsx(35,39): error TS2339: Property 'PROFESSIONS' does not exist on type '{}'.
src/components/JobsPage.tsx(36,34): error TS2339: Property 'PLACES' does not exist on type '{}'.
src/components/JobsPage.tsx(37,35): error TS2339: Property 'PHRASES' does not exist on type '{}'.
src/components/NationalitiesPage.tsx(41,55): error TS2339: Property 'LANGUAGES' does not exist on type '{}'.
src/components/NationalitiesPage.tsx(42,51): error TS2339: Property 'PHRASES' does not exist on type '{}'.
src/components/PhonicsPage.tsx(24,33): error TS2339: Property 'MAGIC_E' does not exist on type '{}'.
src/components/PhonicsPage.tsx(34,37): error TS2339: Property 'SILENT_LETTERS' does not exist on type '{}'.
src/components/PhonicsPage.tsx(108,29): error TS2339: Property 'MAGIC_E' does not exist on type '{ MAGIC_E: any; } | { SILENT_LETTERS: any; }'.
  Property 'MAGIC_E' does not exist on type '{ SILENT_LETTERS: any; }'.
src/components/PhonicsPage.tsx(147,44): error TS2339: Property 'SILENT_LETTERS' does not exist on type '{ MAGIC_E: any; } | { SILENT_LETTERS: any; }'.
  Property 'SILENT_LETTERS' does not exist on type '{ MAGIC_E: any; }'.
src/components/ShapesPage.tsx(106,12): error TS7053: Element implicitly has an 'any' type because expression of type '"2D"' can't be used to index type '{}'.
  Property '2D' does not exist on type '{}'.
src/components/ShapesPage.tsx(117,12): error TS7053: Element implicitly has an 'any' type because expression of type '"3D"' can't be used to index type '{}'.
  Property '3D' does not exist on type '{}'.
src/data/levels/index.ts(35,5): error TS2322: Type 'typeof import("C:/Users/abdom/Desktop/English/src/data/levels/A1/sentences")' is not assignable to type 'Record<string, SentenceItem[]>'.
  Property 'GREETINGS_DATA' is incompatible with index signature.
    Type '{ title: string; icon: ForwardRefExoticComponent<Omit<LucideProps, "ref"> & RefAttributes<SVGSVGElement>>; items: ({ ...; } | { ...; })[]; }[]' is not assignable to type 'SentenceItem[]'.
      Type '{ title: string; icon: ForwardRefExoticComponent<Omit<LucideProps, "ref"> & RefAttributes<SVGSVGElement>>; items: ({ ...; } | { ...; })[]; }' is missing the following properties from type 'SentenceItem': english, arabic, category
src/data/levels/index.ts(36,5): error TS2322: Type 'typeof import("C:/Users/abdom/Desktop/English/src/data/levels/A1/exercises")' is not assignable to type 'Record<string, Test[]>'.
  Property 'EXERCISES_DATA' is incompatible with index signature.
    Type '{ question: string; options: string[]; answer: string; }[]' is not assignable to type 'Test[]'.
      Type '{ question: string; options: string[]; answer: string; }' is missing the following properties from type 'Test': id, title, description, type, questions
